// Jest Snapshot v1, https://goo.gl/fbAQLP

exports[`rendering should render Basic component correctly 1`] = `
<main>
  <h2>
    Snapshot
  </h2>
  <Component
    text="Child One"
  />
  <Component
    text="Child Two"
  />
</main>
`;

exports[`rendering should render Basic component correctly 2`] = `
"Snapshot Diff:
Compared values have no visual difference."
`;
